Microchip MPLAB XC8 Compiler V2.05 ()

Linker command line:

-W-3 --edf=C:\Program Files (x86)\Microchip\xc8\v2.05\pic\dat\en_msgs.txt \
  -cs -h+dist/default/production\pic_beeper.X.production.sym \
  --cmf=dist/default/production\pic_beeper.X.production.cmf -z -Q12F752 \
  -oC:\Users\JOHNMC~1\AppData\Local\Temp\skog.2 --defsym=__MPLAB_BUILD=1 \
  -Mdist/default/production/pic_beeper.X.production.map -E1 -ver=XC8 \
  --acfsm=1493 -ASTACK=04Ah-06Fh -pstack=STACK -ACODE=00h-03FFh \
  -ASTRCODE=00h-03FFh -ASTRING=00h-0FFhx4 -ACONST=00h-0FFhx4 \
  -AENTRY=00h-0FFhx4 -ACOMMON=070h-07Fh -ABANK0=040h-06Fh -ARAM=040h-06Fh \
  -AABS1=040h-07Fh -ASFR0=00h-03Fh -ASFR1=080h-0EFh -ASFR2=0100h-016Fh \
  -ASFR3=0180h-01EFh -preset_vec=00h,intentry=04h,init,end_init \
  -ppowerup=CODE -pcinit=CODE -pfunctab=ENTRY -ACONFIG=02007h-02007h \
  -pconfig=CONFIG -DCONFIG=2 -AIDLOC=02000h-02003h -pidloc=IDLOC -DIDLOC=2 \
  -DCODE=2 -DSTRCODE=2 -DSTRING=2 -DCONST=2 -DENTRY=2 -k \
  C:\Users\JOHNMC~1\AppData\Local\Temp\skog.o \
  dist/default/production\pic_beeper.X.production.o 

Object code version is 3.11

Machine type is 12F752



                Name                               Link     Load   Length Selector   Space Scale
C:\Users\JOHNMC~1\AppData\Local\Temp\skog.o
                end_init                              A        A        1        8       0
                reset_vec                             0        0        1        0       0
dist/default/production\pic_beeper.X.production.o
                cinit                                 B        B        6        8       0
                intentry                              4        4        6        8       0
                text7                                BB       BB       1A        8       0
                text6                                FF       FF        4        8       0
                text5                                A0       A0       1B        8       0
                text4                                EE       EE        9        8       0
                text3                                11       11       8F        8       0
                text2                                D5       D5       19        8       0
                text1                                F7       F7        8        8       0
                maintext                            103      103        3        8       0
                cstackBANK0                          40       40        8       40       1
                cstackCOMMON                         70       70        B       70       1
                dataBANK0                            48       48        2       40       1
                idataBANK0                          106      106        2        8       0

TOTAL           Name                               Link     Load   Length     Space
        CLASS   STACK          

        CLASS   CODE           
                end_init                              A        A        1         0
                cinit                                 B        B        6         0
                intentry                              4        4        6         0
                reset_vec                             0        0        1         0
                text7                                BB       BB       1A         0
                text6                                FF       FF        4         0
                text5                                A0       A0       1B         0
                text4                                EE       EE        9         0
                text3                                11       11       8F         0
                text2                                D5       D5       19         0
                text1                                F7       F7        8         0
                maintext                            103      103        3         0
                idataBANK0                          106      106        2         0

        CLASS   STRCODE        

        CLASS   STRING         

        CLASS   CONST          

        CLASS   ENTRY          

        CLASS   COMMON         
                cstackCOMMON                         70       70        B         1

        CLASS   BANK0          
                cstackBANK0                          40       40        8         1
                dataBANK0                            48       48        2         1

        CLASS   RAM            

        CLASS   ABS1           
                abs_s1                               7E       7E        2         1

        CLASS   SFR0           

        CLASS   SFR1           

        CLASS   SFR2           

        CLASS   SFR3           

        CLASS   CONFIG         

        CLASS   IDLOC          

        CLASS   BANK3          

        CLASS   BANK2          

        CLASS   BANK1          

        CLASS   EEDATA         



SEGMENTS        Name                           Load    Length   Top    Selector   Space  Class     Delta

                reset_vec                      000000  000001  000001         0       0  CODE        2
                intentry                       000004  000104  000108         8       0  CODE        2
                cstackBANK0                    000040  00000A  00004A        40       1  BANK0       1
                cstackCOMMON                   000070  00000B  00007B        70       1  COMMON      1


UNUSED ADDRESS RANGES

        Name                Unused          Largest block    Delta
        BANK0            04A-06F            26           1
        CODE             001-003             3           2
                         108-3FF           2F8
        COMMON           07B-07D             3           1
        CONFIG           2007-2007             1           2
        CONST            001-003             3           2
                         108-3FF           100
        ENTRY            001-003             3           2
                         108-3FF           100
        IDLOC            2000-2003             4           2
        RAM              04A-06F            26           1
        SFR0             000-03F            40           1
        SFR1             080-0EF            70           1
        SFR2             100-16F            70           1
        SFR3             180-1EF            70           1
        STACK            04A-06F            26           1
        STRCODE          001-003             3           2
                         108-3FF           2F8
        STRING           001-003             3           2
                         108-3FF           100

                                  Symbol Table

?___aldiv                    cstackCOMMON 072
_ANSELA                      (abs)        185
_INTCON                      (abs)        00B
_ISR                         text7        0BB
_LATA                        (abs)        105
_LATAbits                    (abs)        105
_OSCCON                      (abs)        08F
_OSCCONbits                  (abs)        08F
_PIE1                        (abs)        08C
_PIR1bits                    (abs)        00C
_PR2                         (abs)        111
_T2CON                       (abs)        112
_T2CONbits                   (abs)        112
_TRISA                       (abs)        085
__Habs1                      abs1         000
__Hbank0                     bank0        000
__Hbank1                     bank1        000
__Hbank2                     bank2        000
__Hbank3                     bank3        000
__Hcinit                     cinit        011
__Hclrtext                   clrtext      000
__Hcode                      code         000
__Hcommon                    common       000
__Hconfig                    config       000
__HcstackBANK0               cstackBANK0  000
__HcstackCOMMON              cstackCOMMON 000
__HdataBANK0                 dataBANK0    000
__Heeprom_data               eeprom_data  000
__Hend_init                  end_init     00B
__Hfunctab                   functab      000
__HidataBANK0                idataBANK0   000
__Hidloc                     idloc        000
__Hinit                      init         00A
__Hintentry                  intentry     00A
__Hmaintext                  maintext     000
__Hpowerup                   powerup      000
__Hram                       ram          000
__Hreset_vec                 reset_vec    001
__Hsfr0                      sfr0         000
__Hsfr1                      sfr1         000
__Hsfr2                      sfr2         000
__Hsfr3                      sfr3         000
__Hspace_0                   (abs)        108
__Hspace_1                   (abs)        07B
__Hspace_2                   (abs)        000
__Hspace_3                   (abs)        000
__Hstack                     stack        000
__Hstrings                   strings      000
__Htext                      text         000
__Labs1                      abs1         000
__Lbank0                     bank0        000
__Lbank1                     bank1        000
__Lbank2                     bank2        000
__Lbank3                     bank3        000
__Lcinit                     cinit        00B
__Lclrtext                   clrtext      000
__Lcode                      code         000
__Lcommon                    common       000
__Lconfig                    config       000
__LcstackBANK0               cstackBANK0  000
__LcstackCOMMON              cstackCOMMON 000
__LdataBANK0                 dataBANK0    000
__Leeprom_data               eeprom_data  000
__Lend_init                  end_init     00A
__Lfunctab                   functab      000
__LidataBANK0                idataBANK0   000
__Lidloc                     idloc        000
__Linit                      init         00A
__Lintentry                  intentry     004
__Lmaintext                  maintext     000
__Lpowerup                   powerup      000
__Lram                       ram          000
__Lreset_vec                 reset_vec    000
__Lsfr0                      sfr0         000
__Lsfr1                      sfr1         000
__Lsfr2                      sfr2         000
__Lsfr3                      sfr3         000
__Lspace_0                   (abs)        000
__Lspace_1                   (abs)        000
__Lspace_2                   (abs)        000
__Lspace_3                   (abs)        000
__Lstack                     stack        000
__Lstrings                   strings      000
__Ltext                      text         000
__S0                         (abs)        108
__S1                         (abs)        07B
__S2                         (abs)        000
___aldiv                     text3        011
___aldiv@counter             cstackBANK0  040
___aldiv@dividend            cstackCOMMON 076
___aldiv@divisor             cstackCOMMON 072
___aldiv@quotient            cstackBANK0  042
___aldiv@sign                cstackBANK0  041
___int_sp                    stack        000
___latbits                   (abs)        000
___sp                        stack        000
___stackhi                   (abs)        000
___stacklo                   (abs)        000
__end_of_ISR                 text7        0D5
__end_of___aldiv             text3        0A0
__end_of__initialization     cinit        00F
__end_of_beeper_on           text6        103
__end_of_beeper_set_freq_hz  text2        0EE
__end_of_init                text4        0F7
__end_of_init_beeper         text5        0BB
__end_of_loop                text1        0FF
__end_of_main                maintext     106
__initialization             cinit        00B
__pcstackBANK0               cstackBANK0  040
__pcstackCOMMON              cstackCOMMON 070
__pdataBANK0                 dataBANK0    048
__pidataBANK0                idataBANK0   106
__pintentry                  intentry     004
__pmaintext                  maintext     103
__ptext1                     text1        0F7
__ptext2                     text2        0D5
__ptext3                     text3        011
__ptext4                     text4        0EE
__ptext5                     text5        0A0
__ptext6                     text6        0FF
__ptext7                     text7        0BB
__size_of_ISR                (abs)        000
__size_of___aldiv            (abs)        000
__size_of_beeper_on          (abs)        000
__size_of_beeper_set_freq_hz (abs)        000
__size_of_init               (abs)        000
__size_of_init_beeper        (abs)        000
__size_of_loop               (abs)        000
__size_of_main               (abs)        000
_beeper_on                   text6        0FF
_beeper_set_freq_hz          text2        0D5
_init                        text4        0EE
_init_beeper                 text5        0A0
_loop                        text1        0F7
_main                        maintext     103
beeper_set_freq_hz@freq      cstackBANK0  046
btemp                        (abs)        07E
end_of_initialization        cinit        00F
interrupt_function           intentry     004
intlevel0                    functab      000
intlevel1                    functab      000
intlevel2                    functab      000
intlevel3                    functab      000
intlevel4                    functab      000
intlevel5                    functab      000
reset_vec                    reset_vec    000
saved_w                      (abs)        07E
start                        init         00A
start_initialization         cinit        00B
wtemp0                       (abs)        07E


FUNCTION INFORMATION:

 *************** function _main *****************
 Defined at:
		line 28 in file "main.c"
 Parameters:    Size  Location     Type
		None
 Auto vars:     Size  Location     Type
		None
 Return value:  Size  Location     Type
                  1    wreg      void 
 Registers used:
		wreg, status,2, status,0, pclath, cstack
 Tracked objects:
		On entry : 
		On exit  : 
		Unchanged: 
 Data sizes:     COMMON   BANK0
      Params:         0       0
      Locals:         0       0
      Temps:          0       0
      Totals:         0       0
Total ram usage:        0 bytes
 Hardware stack levels required when called:    4
 This function calls:
		_init
		_loop
 This function is called by:
		Startup code after reset
 This function uses a non-reentrant model


 *************** function _loop *****************
 Defined at:
		line 23 in file "main.c"
 Parameters:    Size  Location     Type
		None
 Auto vars:     Size  Location     Type
		None
 Return value:  Size  Location     Type
                  1    wreg      void 
 Registers used:
		wreg, status,2, status,0, pclath, cstack
 Tracked objects:
		On entry : 
		On exit  : 
		Unchanged: 
 Data sizes:     COMMON   BANK0
      Params:         0       0
      Locals:         0       0
      Temps:          0       0
      Totals:         0       0
Total ram usage:        0 bytes
 Hardware stack levels used:    1
 Hardware stack levels required when called:    3
 This function calls:
		_beeper_set_freq_hz
 This function is called by:
		_main
 This function uses a non-reentrant model


 *************** function _beeper_set_freq_hz *****************
 Defined at:
		line 25 in file "beeper.c"
 Parameters:    Size  Location     Type
  freq            2    6[BANK0 ] int 
 Auto vars:     Size  Location     Type
		None
 Return value:  Size  Location     Type
                  1    wreg      void 
 Registers used:
		wreg, status,2, status,0, pclath, cstack
 Tracked objects:
		On entry : 
		On exit  : 
		Unchanged: 
 Data sizes:     COMMON   BANK0
      Params:         0       2
      Locals:         0       0
      Temps:          0       0
      Totals:         0       2
Total ram usage:        2 bytes
 Hardware stack levels used:    1
 Hardware stack levels required when called:    2
 This function calls:
		___aldiv
 This function is called by:
		_loop
 This function uses a non-reentrant model


 *************** function ___aldiv *****************
 Defined at:
		line 5 in file "C:\Program Files (x86)\Microchip\xc8\v2.05\pic\sources\c90\common\aldiv.c"
 Parameters:    Size  Location     Type
  divisor         4    2[COMMON] long 
  dividend        4    6[COMMON] long 
 Auto vars:     Size  Location     Type
  quotient        4    2[BANK0 ] long 
  sign            1    1[BANK0 ] unsigned char 
  counter         1    0[BANK0 ] unsigned char 
 Return value:  Size  Location     Type
                  4    2[COMMON] long 
 Registers used:
		wreg, status,2, status,0
 Tracked objects:
		On entry : 
		On exit  : 
		Unchanged: 
 Data sizes:     COMMON   BANK0
      Params:         8       0
      Locals:         0       6
      Temps:          1       0
      Totals:         9       6
Total ram usage:       15 bytes
 Hardware stack levels used:    1
 Hardware stack levels required when called:    1
 This function calls:
		Nothing
 This function is called by:
		_beeper_set_freq_hz
 This function uses a non-reentrant model


 *************** function _init *****************
 Defined at:
		line 14 in file "main.c"
 Parameters:    Size  Location     Type
		None
 Auto vars:     Size  Location     Type
		None
 Return value:  Size  Location     Type
                  1    wreg      void 
 Registers used:
		wreg, status,2, status,0, pclath, cstack
 Tracked objects:
		On entry : 
		On exit  : 
		Unchanged: 
 Data sizes:     COMMON   BANK0
      Params:         0       0
      Locals:         0       0
      Temps:          0       0
      Totals:         0       0
Total ram usage:        0 bytes
 Hardware stack levels used:    1
 Hardware stack levels required when called:    2
 This function calls:
		_beeper_on
		_init_beeper
 This function is called by:
		_main
 This function uses a non-reentrant model


 *************** function _init_beeper *****************
 Defined at:
		line 7 in file "beeper.c"
 Parameters:    Size  Location     Type
		None
 Auto vars:     Size  Location     Type
		None
 Return value:  Size  Location     Type
                  1    wreg      void 
 Registers used:
		wreg, status,2, status,0
 Tracked objects:
		On entry : 
		On exit  : 
		Unchanged: 
 Data sizes:     COMMON   BANK0
      Params:         0       0
      Locals:         0       0
      Temps:          1       0
      Totals:         1       0
Total ram usage:        1 bytes
 Hardware stack levels used:    1
 Hardware stack levels required when called:    1
 This function calls:
		Nothing
 This function is called by:
		_init
 This function uses a non-reentrant model


 *************** function _beeper_on *****************
 Defined at:
		line 30 in file "beeper.c"
 Parameters:    Size  Location     Type
		None
 Auto vars:     Size  Location     Type
		None
 Return value:  Size  Location     Type
                  1    wreg      void 
 Registers used:
		None
 Tracked objects:
		On entry : 
		On exit  : 
		Unchanged: 
 Data sizes:     COMMON   BANK0
      Params:         0       0
      Locals:         0       0
      Temps:          0       0
      Totals:         0       0
Total ram usage:        0 bytes
 Hardware stack levels used:    1
 Hardware stack levels required when called:    1
 This function calls:
		Nothing
 This function is called by:
		_init
 This function uses a non-reentrant model


 *************** function _ISR *****************
 Defined at:
		line 38 in file "beeper.c"
 Parameters:    Size  Location     Type
		None
 Auto vars:     Size  Location     Type
		None
 Return value:  Size  Location     Type
                  1    wreg      void 
 Registers used:
		status,0
 Tracked objects:
		On entry : 
		On exit  : 
		Unchanged: 
 Data sizes:     COMMON   BANK0
      Params:         0       0
      Locals:         0       0
      Temps:          2       0
      Totals:         2       0
Total ram usage:        2 bytes
 Hardware stack levels used:    1
 This function calls:
		Nothing
 This function is called by:
		Interrupt level 1
 This function uses a non-reentrant model



MODULE INFORMATION

Module		Function		Class		Link	Load	Size
beeper.c
		_beeper_set_freq_hz		CODE           	00D5	0000	26
		_ISR           		CODE           	00BB	0000	27
		_beeper_on     		CODE           	00FF	0000	5
		_init_beeper   		CODE           	00A0	0000	28

beeper.c estimated size: 86

shared
		__initialization		CODE           	000B	0000	5

shared estimated size: 5

C:\Program Files (x86)\Microchip\xc8\v2.05\pic\sources\c90\common\aldiv.c
		___aldiv       		CODE           	0011	0000	144

C:\Program Files (x86)\Microchip\xc8\v2.05\pic\sources\c90\common\aldiv.c estimated size: 144

main.c
		_loop          		CODE           	00F7	0000	9
		_init          		CODE           	00EE	0000	10
		_main          		CODE           	0103	0000	4

main.c estimated size: 23

